<?xml version="1.0" encoding="utf-8"?><testsuites><testsuite name="pytest" errors="0" failures="0" skipped="0" tests="3" time="0.158" timestamp="2023-03-04T15:54:43.462088" hostname="CQFYX0V9G3"><testcase classname="main_test.TestApp" name="test_read_data" time="0.006" /><testcase classname="main_test.TestApp" name="test_read_data_by_guid" time="0.002" /><testcase classname="main_test.TestApp" name="test_read_data_by_invalid_guid" time="0.001" /></testsuite></testsuites>